Agent: TaskClosureMemoryAgent
Agent cost: user-reported via BaseAgent.add_cost_usd() when provided
Scoring: inline task/state + UX (reasoning_effort=high)

############################################################
# Runs 1..1 together — 10 tasks/run, 10 total jobs, 1 workers
# Scoring: inline task/state + UX
############################################################
  [1/10] run1 7-return_restocking_waived: OK | score=OK | ux=5.0
  [2/10] run1 12-cancel_after_shipment: OK | score=OK | ux=5.0
  [3/10] run1 15-cancel_backordered: OK | score=OK | ux=5.0
  [4/10] run1 24-hard_high_value_lost_tablet_investigation_only: OK | score=OK | ux=4.5
  [5/10] run1 26-hard_stuck_shipment_no_shipping_refund: OK | score=OK | ux=3.3
  [6/10] run1 27-hard_warranty_maxed_tablet_return_better: OK | score=OK | ux=4.7
  [7/10] run1 34-oos_exchange_store_credit_no_card_conversion: OK | score=OK | ux=3.4
  [8/10] run1 39-hard_damaged_scale_wrong_shirt_choice_goodwill: OK | score=OK | ux=3.89
  [9/10] run1 41-hard_two_lost_shipments_threshold_split: OK | score=OK | ux=5.0
  [10/10] run1 44-compound_return_gift_exchange: OK | score=OK | ux=5.0

  Run 1 done — 10 ok, 0 err
    Inline scored: 10; mean UX: 4.48

All runs complete in 2740s (worker wall time 2740s)
Trajectories in: /root/autodl-tmp/task-closure-v2-stage-20260829/outputs/task_closure_v2_subset30_99f9bfc_r1a/customer_support/run*/
Metrics with: uv run python -m state_bench.scripts.compute_metrics --domain customer_support --results-dir /root/autodl-tmp/task-closure-v2-stage-20260829/outputs/task_closure_v2_subset30_99f9bfc_r1a/customer_support --num-runs 1 --num-runs-idx-start 1 --split all --save-filepath /root/autodl-tmp/task-closure-v2-stage-20260829/outputs/task_closure_v2_subset30_99f9bfc_r1a/customer_support/metrics.json
