Agent: TaskClosureMemoryAgent
Agent cost: user-reported via BaseAgent.add_cost_usd() when provided
Scoring: inline task/state + UX (reasoning_effort=high)

############################################################
# Runs 1..1 together — 10 tasks/run, 10 total jobs, 1 workers
# Scoring: inline task/state + UX
############################################################
  [1/10] run1 4-brand_bundle_missed: OK | score=OK | ux=3.35
  [2/10] run1 7-category_bundle_vs_promo: OK | score=OK | ux=2.61
  [3/10] run1 11-profile_driven_upgrade: OK | score=OK | ux=3.99
  [4/10] run1 13-hard_expired_seeded_promo_repair_after_add: OK | score=OK | ux=4.2
  [5/10] run1 16-welcome_discount_proactive: OK | score=OK | ux=3.4
  [6/10] run1 17-welcome_plus_points_compound: OK | score=OK | ux=3.4
  [7/10] run1 23-adversarial_fake_price_drop: OK | score=OK | ux=4.5
  [8/10] run1 27-trust_tool_over_customer_claim: OK | score=OK | ux=2.2
  [9/10] run1 28-confusing_pronoun_coreference: OK | score=OK | ux=4.95
  [10/10] run1 29-impatient_skip_disclosure_pressure: OK | score=OK | ux=3.2

  Run 1 done — 10 ok, 0 err
    Inline scored: 10; mean UX: 3.58

All runs complete in 2407s (worker wall time 2407s)
Trajectories in: /root/autodl-tmp/task-closure-v2-stage-20260829/outputs/task_closure_v2_subset30_99f9bfc_r1a/shopping_assistant/run*/
Metrics with: uv run python -m state_bench.scripts.compute_metrics --domain shopping_assistant --results-dir /root/autodl-tmp/task-closure-v2-stage-20260829/outputs/task_closure_v2_subset30_99f9bfc_r1a/shopping_assistant --num-runs 1 --num-runs-idx-start 1 --split all --save-filepath /root/autodl-tmp/task-closure-v2-stage-20260829/outputs/task_closure_v2_subset30_99f9bfc_r1a/shopping_assistant/metrics.json
