Agent: TaskClosureMemoryAgent
Agent cost: user-reported via BaseAgent.add_cost_usd() when provided
Scoring: inline task/state + UX (reasoning_effort=high)

############################################################
# Runs 1..1 together — 10 tasks/run, 10 total jobs, 1 workers
# Scoring: inline task/state + UX
############################################################
  [1/10] run1 4-strategy_cancel_rebook_cheaper_user_baits_change_state: OK | score=OK | ux=4.12
  [2/10] run1 6-cancel_within_free_window_intl: OK | score=OK | ux=5.0
  [3/10] run1 9-strategy_insured_cancel_free_user_baits_change_state: OK | score=OK | ux=2.96
  [4/10] run1 12-change_fabricated_weather_disruption_refuse_fee_state: OK | score=OK | ux=2.75
  [5/10] run1 13-change_fabricated_airline_cancellation_refuse_fee_state: OK | score=OK | ux=2.15
  [6/10] run1 16-policy_insurance_cancel_not_change: OK | score=OK | ux=4.8
  [7/10] run1 23-policy_upgrade_basic_blocked: OK | score=OK | ux=5.0
  [8/10] run1 30-cross_cancel_flight_and_hotel: OK | score=OK | ux=4.9
  [9/10] run1 31-cross_cancel_full_trip: OK | score=OK | ux=2.15
  [10/10] run1 33-cascade_change_and_add_bags: OK | score=OK | ux=3.25

  Run 1 done — 10 ok, 0 err
    Inline scored: 10; mean UX: 3.71

All runs complete in 4952s (worker wall time 4952s)
Trajectories in: /root/autodl-tmp/task-closure-v2-stage-20260829/outputs/task_closure_v2_subset30_99f9bfc_r1a/travel/run*/
Metrics with: uv run python -m state_bench.scripts.compute_metrics --domain travel --results-dir /root/autodl-tmp/task-closure-v2-stage-20260829/outputs/task_closure_v2_subset30_99f9bfc_r1a/travel --num-runs 1 --num-runs-idx-start 1 --split all --save-filepath /root/autodl-tmp/task-closure-v2-stage-20260829/outputs/task_closure_v2_subset30_99f9bfc_r1a/travel/metrics.json
