Agent: ProcessWorkflowMemoryAgent
Agent cost: user-reported via BaseAgent.add_cost_usd() when provided
Scoring: off (--no-score set; use state_bench.scripts.score for local scoring)

############################################################
# Runs 1..5 together — 50 tasks/run, 250 total jobs, 8 workers
# Scoring: off
############################################################
  [1/250] run1 24-hard_high_value_lost_tablet_investigation_only: OK
  [2/250] run1 12-cancel_after_shipment: OK
  [3/250] run1 27-hard_warranty_maxed_tablet_return_better: OK
  [4/250] run1 34-oos_exchange_store_credit_no_card_conversion: OK
  [5/250] run1 39-hard_damaged_scale_wrong_shirt_choice_goodwill: OK
  [6/250] run1 7-return_restocking_waived: OK
  [7/250] run1 44-compound_return_gift_exchange: OK
  [8/250] run1 26-hard_stuck_shipment_no_shipping_refund: OK
  [9/250] run1 51-challenge_stacked_window: OK
  [10/250] run1 41-hard_two_lost_shipments_threshold_split: OK
  [11/250] run1 56-challenge_signature_denial: OK
  [12/250] run1 15-cancel_backordered: OK
  [13/250] run1 53-challenge_remorse_as_defective: OK
  [14/250] run1 64-challenge_seasonal_valid: OK
  [15/250] run1 54-challenge_high_value_investigation: OK
  [16/250] run1 71-hard_exchange_late_compensation_destination_choice: OK
  [17/250] run1 73-challenge_gold_restocking_discount: OK
  [18/250] run1 63-challenge_bulk_clawback: OK
  [19/250] run1 78-challenge_defective_shipping_clawback: OK
  [20/250] run1 83-challenge_missing_single_item_claim: OK
  [21/250] run1 57-challenge_false_damage_claim: OK
  [22/250] run1 75-challenge_gold_restock_on_promo: OK
  [23/250] run1 72-challenge_bulk_plus_shipping_clawback: OK
  [24/250] run1 84-hard_platinum_loyalty_bonus_compensation_cap: OK
  [25/250] run1 91-challenge_wear_as_not_described: OK
  [26/250] run1 92-challenge_seasonal_restock_shipping_triple: OK
  [27/250] run1 90-challenge_return_shipping_plus_repeat: OK
  [28/250] run1 97-challenge_triple_same_category_return: OK
  [29/250] run1 106-spare_price_match_bundle_anchor: OK
  [30/250] run1 104-hard_price_match_two_similar_items: OK
  [31/250] run1 102-hard_price_match_split_tender: OK
  [32/250] run1 70-challenge_free_shipping_clawback: OK
  [33/250] run1 98-challenge_triple_action: OK
  [34/250] run1 110-spare_exchange_wrong_product_family: OK
  [35/250] run1 108-hard_price_match_customer_quotes_wrong_amount: OK
  [36/250] run1 115-hard_exchange_delivered_outside_but_defective_return: OK
  [37/250] run1 118-hard_shipping_low_value_not_received_refund: OK
  [38/250] run1 109-hard_exchange_noncanonical_size: OK
  [39/250] run1 133-hard_edge_wrong_customer_order_privacy: OK
  [40/250] run1 125-hard_shipping_paid_shipping_not_damage: OK
  [41/250] run1 134-hard_edge_already_refunded_second_credit: OK
  [42/250] run1 89-challenge_gold_restock_shipping_clawback: OK
  [43/250] run1 130-hard_warranty_maxed_but_paid_repair: OK
  [44/250] run1 126-spare_warranty_no_record_return_valid: OK
  [45/250] run1 137-hard_edge_all_windows_plus_false_defect: OK
  [46/250] run1 131-hard_warranty_shipping_damage_better_path: OK
  [47/250] run1 138-hard_edge_cancel_delivered_subscription_confusion: OK
  [48/250] run2 7-return_restocking_waived: OK
  [49/250] run2 12-cancel_after_shipment: OK
  [50/250] run1 147-spare_compound_warranty_then_price_match: OK
  [51/250] run2 24-hard_high_value_lost_tablet_investigation_only: OK
  [52/250] run1 142-hard_compound_exchange_plus_late_compensation: OK
  [53/250] run2 15-cancel_backordered: OK
  [54/250] run2 26-hard_stuck_shipment_no_shipping_refund: OK
  [55/250] run1 101-hard_price_match_cancel_language: OK
  [56/250] run2 34-oos_exchange_store_credit_no_card_conversion: OK
  [57/250] run2 27-hard_warranty_maxed_tablet_return_better: OK
  [58/250] run2 44-compound_return_gift_exchange: OK
  [59/250] run2 41-hard_two_lost_shipments_threshold_split: OK
  [60/250] run2 39-hard_damaged_scale_wrong_shirt_choice_goodwill: OK
  [61/250] run2 51-challenge_stacked_window: OK
  [62/250] run2 56-challenge_signature_denial: OK
  [63/250] run2 53-challenge_remorse_as_defective: OK
  [64/250] run2 64-challenge_seasonal_valid: OK
  [65/250] run2 71-hard_exchange_late_compensation_destination_choice: OK
  [66/250] run2 54-challenge_high_value_investigation: OK
  [67/250] run2 70-challenge_free_shipping_clawback: OK
  [68/250] run2 73-challenge_gold_restocking_discount: OK
  [69/250] run2 63-challenge_bulk_clawback: OK
  [70/250] run2 83-challenge_missing_single_item_claim: OK
  [71/250] run2 57-challenge_false_damage_claim: OK
  [72/250] run2 75-challenge_gold_restock_on_promo: OK
  [73/250] run2 78-challenge_defective_shipping_clawback: OK
  [74/250] run2 89-challenge_gold_restock_shipping_clawback: OK
  [75/250] run2 84-hard_platinum_loyalty_bonus_compensation_cap: OK
  [76/250] run2 92-challenge_seasonal_restock_shipping_triple: OK
  [77/250] run2 72-challenge_bulk_plus_shipping_clawback: OK
  [78/250] run2 91-challenge_wear_as_not_described: OK
  [79/250] run2 98-challenge_triple_action: OK
  [80/250] run2 90-challenge_return_shipping_plus_repeat: OK
  [81/250] run2 101-hard_price_match_cancel_language: OK
  [82/250] run2 104-hard_price_match_two_similar_items: OK
  [83/250] run2 108-hard_price_match_customer_quotes_wrong_amount: OK
  [84/250] run2 106-spare_price_match_bundle_anchor: OK
  [85/250] run2 115-hard_exchange_delivered_outside_but_defective_return: OK
  [86/250] run2 102-hard_price_match_split_tender: OK
  [87/250] run2 109-hard_exchange_noncanonical_size: OK
  [88/250] run2 110-spare_exchange_wrong_product_family: OK
  [89/250] run2 118-hard_shipping_low_value_not_received_refund: OK
  [90/250] run2 133-hard_edge_wrong_customer_order_privacy: OK
  [91/250] run2 97-challenge_triple_same_category_return: OK
  [92/250] run2 125-hard_shipping_paid_shipping_not_damage: OK
  [93/250] run2 126-spare_warranty_no_record_return_valid: OK
  [94/250] run2 137-hard_edge_all_windows_plus_false_defect: OK
  [95/250] run2 130-hard_warranty_maxed_but_paid_repair: OK
  [96/250] run2 134-hard_edge_already_refunded_second_credit: OK
  [97/250] run2 138-hard_edge_cancel_delivered_subscription_confusion: OK
  [98/250] run2 142-hard_compound_exchange_plus_late_compensation: OK
  [99/250] run3 12-cancel_after_shipment: OK
  [100/250] run3 7-return_restocking_waived: OK
  [101/250] run3 24-hard_high_value_lost_tablet_investigation_only: OK
  [102/250] run2 131-hard_warranty_shipping_damage_better_path: OK
  [103/250] run2 147-spare_compound_warranty_then_price_match: OK
  [104/250] run3 15-cancel_backordered: OK
  [105/250] run3 34-oos_exchange_store_credit_no_card_conversion: OK
  [106/250] run3 44-compound_return_gift_exchange: OK
