WARNING: Protocol state_bench_v0.8.1_gpt54 expects --num-runs 5; scoring with 1 run(s) for local analysis. Results are NOT protocol-compliant.

Run 1: scoring 50 trajectories (task/state + UX)...
  [1/50] 110-spare_exchange_wrong_product_family: OK (ux=5.0)
  [2/50] 104-hard_price_match_two_similar_items: OK (ux=4.5)
  [3/50] 101-hard_price_match_cancel_language: OK (ux=5.0)
  [4/50] 102-hard_price_match_split_tender: OK (ux=4.7)
  [5/50] 108-hard_price_match_customer_quotes_wrong_amount: OK (ux=4.1)
  [6/50] 115-hard_exchange_delivered_outside_but_defective_return: OK (ux=4.8)
  [7/50] 109-hard_exchange_noncanonical_size: OK (ux=5.0)
  [8/50] 106-spare_price_match_bundle_anchor: OK (ux=5.0)
  [9/50] 12-cancel_after_shipment: OK (ux=5.0)
  [10/50] 118-hard_shipping_low_value_not_received_refund: OK (ux=5.0)
  [11/50] 125-hard_shipping_paid_shipping_not_damage: OK (ux=4.6)
  [12/50] 133-hard_edge_wrong_customer_order_privacy: OK (ux=2.2)
  [13/50] 130-hard_warranty_maxed_but_paid_repair: OK (ux=5.0)
  [14/50] 142-hard_compound_exchange_plus_late_compensation: OK (ux=4.09)
  [15/50] 126-spare_warranty_no_record_return_valid: OK (ux=5.0)
  [16/50] 134-hard_edge_already_refunded_second_credit: OK (ux=5.0)
  [17/50] 131-hard_warranty_shipping_damage_better_path: OK (ux=2.7)
  [18/50] 137-hard_edge_all_windows_plus_false_defect: OK (ux=5.0)
  [19/50] 138-hard_edge_cancel_delivered_subscription_confusion: OK (ux=4.75)
  [20/50] 147-spare_compound_warranty_then_price_match: OK (ux=5.0)
  [21/50] 26-hard_stuck_shipment_no_shipping_refund: OK (ux=1.3)
  [22/50] 15-cancel_backordered: OK (ux=2.3)
  [23/50] 24-hard_high_value_lost_tablet_investigation_only: OK (ux=5.0)
  [24/50] 27-hard_warranty_maxed_tablet_return_better: OK (ux=3.6)
  [25/50] 34-oos_exchange_store_credit_no_card_conversion: OK (ux=5.0)
  [26/50] 44-compound_return_gift_exchange: OK (ux=5.0)
  [27/50] 41-hard_two_lost_shipments_threshold_split: OK (ux=5.0)
  [28/50] 39-hard_damaged_scale_wrong_shirt_choice_goodwill: OK (ux=3.9)
  [29/50] 51-challenge_stacked_window: OK (ux=5.0)
  [30/50] 53-challenge_remorse_as_defective: OK (ux=3.9)
  [31/50] 57-challenge_false_damage_claim: OK (ux=3.1)
  [32/50] 54-challenge_high_value_investigation: OK (ux=4.7)
  [33/50] 64-challenge_seasonal_valid: OK (ux=5.0)
  [34/50] 63-challenge_bulk_clawback: OK (ux=5.0)
  [35/50] 70-challenge_free_shipping_clawback: OK (ux=4.8)
  [36/50] 7-return_restocking_waived: OK (ux=4.95)
  [37/50] 71-hard_exchange_late_compensation_destination_choice: OK (ux=3.2)
  [38/50] 56-challenge_signature_denial: OK (ux=5.0)
  [39/50] 72-challenge_bulk_plus_shipping_clawback: OK (ux=4.1)
  [40/50] 73-challenge_gold_restocking_discount: OK (ux=5.0)
  [41/50] 75-challenge_gold_restock_on_promo: OK (ux=4.5)
  [42/50] 78-challenge_defective_shipping_clawback: OK (ux=3.7)
  [43/50] 83-challenge_missing_single_item_claim: OK (ux=3.4)
  [44/50] 89-challenge_gold_restock_shipping_clawback: OK (ux=5.0)
  [45/50] 84-hard_platinum_loyalty_bonus_compensation_cap: OK (ux=4.55)
  [46/50] 90-challenge_return_shipping_plus_repeat: OK (ux=2.75)
  [47/50] 92-challenge_seasonal_restock_shipping_triple: OK (ux=4.95)
  [48/50] 97-challenge_triple_same_category_return: OK (ux=4.7)
  [49/50] 91-challenge_wear_as_not_described: OK (ux=4.8)
  [50/50] 98-challenge_triple_action: OK (ux=3.2)
  Run 1: err=0, task_completion_scored=50, ux_scored=50, mean_ux=4.36

Done in 76s. Updated results in: outputs/pwm_gpt54_proxy_nova/customer_support/
Run: uv run python -m state_bench.scripts.compute_metrics --results-dir outputs/pwm_gpt54_proxy_nova/customer_support --num-runs 1 --num-runs-idx-start 1 --split test --save-filepath outputs/pwm_gpt54_proxy_nova/customer_support/metrics.json
