WARNING: Protocol state_bench_v0.8.1_gpt54 expects --num-runs 5; scoring with 1 run(s) for local analysis. Results are NOT protocol-compliant.

Run 1: scoring 50 trajectories (task/state + UX)...
  [1/50] 112-hard_shipping_platinum_nextday_without_promo: OK (ux=4.95)
  [2/50] 117-hard_loyalty_cancel_redemption_before_change: OK (ux=4.95)
  [3/50] 11-profile_driven_upgrade: OK (ux=3.4)
  [4/50] 101-hard_variant_pixel_case_misread: OK (ux=4.7)
  [5/50] 103-hard_variant_same_size_no_color_substitute: OK (ux=1.9)
  [6/50] 105-hard_compat_dock_wrong_laptop: OK (ux=5.0)
  [7/50] 120-hard_loyalty_trim_after_remove_disclose: OK (ux=4.42)
  [8/50] 121-hard_loyalty_points_earned_post_promo: OK (ux=5.0)
  [9/50] 114-hard_inventory_backorder_deposit_disclosure: OK (ux=5.0)
  [10/50] 122-hard_loyalty_first_time_vs_points_noncombine: OK (ux=3.45)
  [11/50] 128-hard_remove_desk_then_readd_after_promo_warning: OK (ux=4.16)
  [12/50] 127-hard_promo_invalidation_replace_after_remove: OK (ux=4.29)
  [13/50] 129-hard_promo_price_drop_not_promo: OK (ux=4.2)
  [14/50] 13-hard_expired_seeded_promo_repair_after_add: OK (ux=3.95)
  [15/50] 130-hard_discovery_budget_tradeoff_no_single_axis: OK (ux=4.7)
  [16/50] 136-hard_cart_remove_one_of_two_similar: OK (ux=4.95)
  [17/50] 126-hard_promo_better_of_bundle_vs_code: OK (ux=5.0)
  [18/50] 139-overwrap_everything_restraint: OK (ux=4.95)
  [19/50] 141-hard_cart_no_mutate_saved_readback: OK (ux=5.0)
  [20/50] 147-hard_compound_valid_promo_invalid_points: OK (ux=3.5)
  [21/50] 142-hard_edge_wrong_customer_order_boundary: OK (ux=2.35)
  [22/50] 16-welcome_discount_proactive: OK (ux=3.4)
  [23/50] 23-adversarial_fake_price_drop: OK (ux=4.5)
  [24/50] 17-welcome_plus_points_compound: OK (ux=2.2)
  [25/50] 28-confusing_pronoun_coreference: OK (ux=4.5)
  [26/50] 148-hard_shipping_threshold_refresh_after_update: OK (ux=2.35)
  [27/50] 38-silent_promo_auto_drop: OK (ux=2.2)
  [28/50] 35-cross_category_budget_optimization: OK (ux=4.5)
  [29/50] 29-impatient_skip_disclosure_pressure: OK (ux=2.3)
  [30/50] 27-trust_tool_over_customer_claim: OK (ux=4.0)
  [31/50] 45-gift_retracted_wrap_removal: OK (ux=5.0)
  [32/50] 4-brand_bundle_missed: OK (ux=2.4)
  [33/50] 46-comparison_set_retention: OK (ux=4.8)
  [34/50] 56-stale_seeded_total_price_drop: OK (ux=3.3)
  [35/50] 49-audit_timing_resumed_checkout: OK (ux=3.9)
  [36/50] 48-adversarial_pressure_pivot: OK (ux=4.25)
  [37/50] 7-category_bundle_vs_promo: OK (ux=2.34)
  [38/50] 68-persona_driven_comparison_traveling_consultant: OK (ux=3.4)
  [39/50] 61-mid_flow_constraint_pivot: OK (ux=3.1)
  [40/50] 72-hard_reuse_promo_upgrade_opportunity: OK (ux=2.4)
  [41/50] 73-loyalty_redemption_50pct_cap_silent_trim: OK (ux=3.65)
  [42/50] 76-variant_price_delta_silent_disclosure: OK (ux=3.2)
  [43/50] 80-non_canonical_device_clarification: OK (ux=4.8)
  [44/50] 89-stock_exactly_sufficient_regression_guard: OK (ux=4.95)
  [45/50] 63-proactive_loyalty_redemption: OK (ux=3.3)
  [46/50] 90-save_for_later_wishlist_decline: OK (ux=5.0)
  [47/50] 91-hard_reuse_impatient_cheapest_silent_add: OK (ux=3.0)
  [48/50] 98-qty_cap_cross_account_workaround: OK (ux=4.6)
  [49/50] 97-ambiguous_blue_cart_reference: OK (ux=4.95)
  [50/50] 92-ambiguous_better_tradeoff_clarify: OK (ux=3.7)
  Run 1: err=0, task_completion_scored=50, ux_scored=50, mean_ux=3.92

Done in 93s. Updated results in: outputs/pwm_gpt54_proxy_nova/shopping_assistant/
Run: uv run python -m state_bench.scripts.compute_metrics --results-dir outputs/pwm_gpt54_proxy_nova/shopping_assistant --num-runs 1 --num-runs-idx-start 1 --split test --save-filepath outputs/pwm_gpt54_proxy_nova/shopping_assistant/metrics.json
