Agent: ProcessWorkflowMemoryAgent
Agent cost: user-reported via BaseAgent.add_cost_usd() when provided
Scoring: off (--no-score set; use state_bench.scripts.score for local scoring)

############################################################
# Runs 1..5 together — 50 tasks/run, 250 total jobs, 8 workers
# Scoring: off
############################################################
  [1/250] run1 16-welcome_discount_proactive: OK
  [2/250] run1 23-adversarial_fake_price_drop: OK
  [3/250] run1 7-category_bundle_vs_promo: OK
  [4/250] run1 17-welcome_plus_points_compound: OK
  [5/250] run1 4-brand_bundle_missed: OK
  [6/250] run1 27-trust_tool_over_customer_claim: OK
  [7/250] run1 38-silent_promo_auto_drop: OK
  [8/250] run1 13-hard_expired_seeded_promo_repair_after_add: OK
  [9/250] run1 29-impatient_skip_disclosure_pressure: OK
  [10/250] run1 11-profile_driven_upgrade: OK
  [11/250] run1 45-gift_retracted_wrap_removal: OK
  [12/250] run1 35-cross_category_budget_optimization: OK
  [13/250] run1 28-confusing_pronoun_coreference: OK
  [14/250] run1 72-hard_reuse_promo_upgrade_opportunity: OK
  [15/250] run1 49-audit_timing_resumed_checkout: OK
  [16/250] run1 56-stale_seeded_total_price_drop: OK
  [17/250] run1 48-adversarial_pressure_pivot: OK
  [18/250] run1 80-non_canonical_device_clarification: OK
  [19/250] run1 76-variant_price_delta_silent_disclosure: OK
  [20/250] run1 89-stock_exactly_sufficient_regression_guard: OK
  [21/250] run1 68-persona_driven_comparison_traveling_consultant: OK
  [22/250] run1 90-save_for_later_wishlist_decline: OK
  [23/250] run1 73-loyalty_redemption_50pct_cap_silent_trim: OK
  [24/250] run1 97-ambiguous_blue_cart_reference: OK
  [25/250] run1 91-hard_reuse_impatient_cheapest_silent_add: OK
  [26/250] run1 61-mid_flow_constraint_pivot: OK
  [27/250] run1 103-hard_variant_same_size_no_color_substitute: OK
  [28/250] run1 112-hard_shipping_platinum_nextday_without_promo: OK
  [29/250] run1 92-ambiguous_better_tradeoff_clarify: OK
  [30/250] run1 114-hard_inventory_backorder_deposit_disclosure: OK
  [31/250] run1 105-hard_compat_dock_wrong_laptop: OK
  [32/250] run1 101-hard_variant_pixel_case_misread: OK
  [33/250] run1 98-qty_cap_cross_account_workaround: OK
  [34/250] run1 121-hard_loyalty_points_earned_post_promo: OK
  [35/250] run1 117-hard_loyalty_cancel_redemption_before_change: OK
  [36/250] run1 126-hard_promo_better_of_bundle_vs_code: OK
  [37/250] run1 122-hard_loyalty_first_time_vs_points_noncombine: OK
  [38/250] run1 129-hard_promo_price_drop_not_promo: OK
  [39/250] run1 46-comparison_set_retention: OK
  [40/250] run1 120-hard_loyalty_trim_after_remove_disclose: OK
  [41/250] run1 130-hard_discovery_budget_tradeoff_no_single_axis: OK
  [42/250] run1 127-hard_promo_invalidation_replace_after_remove: OK
  [43/250] run1 136-hard_cart_remove_one_of_two_similar: OK
  [44/250] run1 147-hard_compound_valid_promo_invalid_points: OK
  [45/250] run1 128-hard_remove_desk_then_readd_after_promo_warning: OK
  [46/250] run1 142-hard_edge_wrong_customer_order_boundary: OK
  [47/250] run1 139-overwrap_everything_restraint: OK
  [48/250] run1 148-hard_shipping_threshold_refresh_after_update: OK
  [49/250] run1 63-proactive_loyalty_redemption: OK
  [50/250] run2 4-brand_bundle_missed: OK
  [51/250] run2 17-welcome_plus_points_compound: OK
  [52/250] run2 7-category_bundle_vs_promo: OK
  [53/250] run2 13-hard_expired_seeded_promo_repair_after_add: OK
  [54/250] run2 16-welcome_discount_proactive: OK
  [55/250] run2 23-adversarial_fake_price_drop: OK
  [56/250] run2 29-impatient_skip_disclosure_pressure: OK
  [57/250] run2 38-silent_promo_auto_drop: OK
  [58/250] run2 27-trust_tool_over_customer_claim: OK
  [59/250] run2 11-profile_driven_upgrade: OK
  [60/250] run2 45-gift_retracted_wrap_removal: OK
  [61/250] run2 35-cross_category_budget_optimization: OK
  [62/250] run2 46-comparison_set_retention: OK
  [63/250] run2 49-audit_timing_resumed_checkout: OK
  [64/250] run2 56-stale_seeded_total_price_drop: OK
  [65/250] run2 72-hard_reuse_promo_upgrade_opportunity: OK
  [66/250] run2 48-adversarial_pressure_pivot: OK
  [67/250] run1 141-hard_cart_no_mutate_saved_readback: OK
  [68/250] run2 80-non_canonical_device_clarification: OK
  [69/250] run2 73-loyalty_redemption_50pct_cap_silent_trim: OK
  [70/250] run2 90-save_for_later_wishlist_decline: OK
  [71/250] run2 76-variant_price_delta_silent_disclosure: OK
  [72/250] run2 63-proactive_loyalty_redemption: OK
  [73/250] run2 89-stock_exactly_sufficient_regression_guard: OK
  [74/250] run2 91-hard_reuse_impatient_cheapest_silent_add: OK
  [75/250] run2 68-persona_driven_comparison_traveling_consultant: OK
  [76/250] run2 97-ambiguous_blue_cart_reference: OK
  [77/250] run2 103-hard_variant_same_size_no_color_substitute: OK
  [78/250] run2 112-hard_shipping_platinum_nextday_without_promo: OK
  [79/250] run2 98-qty_cap_cross_account_workaround: OK
  [80/250] run2 105-hard_compat_dock_wrong_laptop: OK
  [81/250] run2 92-ambiguous_better_tradeoff_clarify: OK
  [82/250] run2 101-hard_variant_pixel_case_misread: OK
  [83/250] run2 114-hard_inventory_backorder_deposit_disclosure: OK
  [84/250] run2 28-confusing_pronoun_coreference: OK
  [85/250] run2 121-hard_loyalty_points_earned_post_promo: OK
  [86/250] run2 126-hard_promo_better_of_bundle_vs_code: OK
  [87/250] run2 117-hard_loyalty_cancel_redemption_before_change: OK
  [88/250] run2 120-hard_loyalty_trim_after_remove_disclose: OK
  [89/250] run2 129-hard_promo_price_drop_not_promo: OK
  [90/250] run2 122-hard_loyalty_first_time_vs_points_noncombine: OK
  [91/250] run2 128-hard_remove_desk_then_readd_after_promo_warning: OK
  [92/250] run2 141-hard_cart_no_mutate_saved_readback: OK
  [93/250] run2 139-overwrap_everything_restraint: OK
  [94/250] run2 136-hard_cart_remove_one_of_two_similar: OK
  [95/250] run2 130-hard_discovery_budget_tradeoff_no_single_axis: OK
  [96/250] run2 142-hard_edge_wrong_customer_order_boundary: OK
  [97/250] run2 127-hard_promo_invalidation_replace_after_remove: OK
  [98/250] run3 4-brand_bundle_missed: OK
  [99/250] run2 148-hard_shipping_threshold_refresh_after_update: OK
  [100/250] run2 147-hard_compound_valid_promo_invalid_points: OK
  [101/250] run3 7-category_bundle_vs_promo: OK
  [102/250] run3 13-hard_expired_seeded_promo_repair_after_add: OK
  [103/250] run3 17-welcome_plus_points_compound: OK
  [104/250] run3 16-welcome_discount_proactive: OK
