Agent: ProcessWorkflowMemoryAgent
Agent cost: user-reported via BaseAgent.add_cost_usd() when provided
Scoring: off (--no-score set; use state_bench.scripts.score for local scoring)

############################################################
# Runs 1..5 together — 50 tasks/run, 250 total jobs, 8 workers
# Scoring: off
############################################################
  [1/250] run1 13-change_fabricated_airline_cancellation_refuse_fee_state: OK
  [2/250] run1 23-policy_upgrade_basic_blocked: OK
  [3/250] run1 6-cancel_within_free_window_intl: OK
  [4/250] run1 30-cross_cancel_flight_and_hotel: OK
  [5/250] run1 16-policy_insurance_cancel_not_change: OK
  [6/250] run1 31-cross_cancel_full_trip: OK
  [7/250] run1 12-change_fabricated_weather_disruption_refuse_fee_state: OK
  [8/250] run1 35-cross_plan_trip_international: OK
  [9/250] run1 38-compound_user_anchors_free_delay_change_plus_partial_bag_state: OK
  [10/250] run1 4-strategy_cancel_rebook_cheaper_user_baits_change_state: OK
  [11/250] run1 43-delay_proactive_rebook_cheaper_near_same_time_state: OK
  [12/250] run1 37-compound_one_leg_military_free_one_leg_delay_not_free_state: OK
  [13/250] run1 50-adversarial_mind_change: OK
  [14/250] run1 48-cancel_hotel_proactively_cancel_car: OK
  [15/250] run1 39-compound_intl_delay_not_free_plus_partial_bag_plus_insurance_drop_state: OK
  [16/250] run1 33-cascade_change_and_add_bags: OK
  [17/250] run1 9-strategy_insured_cancel_free_user_baits_change_state: OK
  [18/250] run1 46-adversarial_impatient_booking: OK
  [19/250] run1 57-challenge_earlier_flight_timing: OK
  [20/250] run1 54-challenge_points_dual_rate: OK
  [21/250] run1 59-challenge_premature_cancel_commitment: OK
  [22/250] run1 52-challenge_insurance_cancel_rebook: OK
  [23/250] run1 74-challenge_insurance_no_change_fee_waiver: OK
  [24/250] run1 63-challenge_canada_international: OK
  [25/250] run1 67-challenge_7day_boundary_medical: OK
  [26/250] run1 78-challenge_schedule_change_misinterpretation: OK
  [27/250] run1 82-challenge_yyze_bereavement_intl_rate: OK
  [28/250] run1 91-challenge_intl_gt7d_medical_fee: OK
  [29/250] run1 81-challenge_same_route_different_fee_tiers: OK
  [30/250] run1 93-challenge_one_day_apart_different_fee_tier: OK
  [31/250] run1 94-challenge_bereavement_discount_direction: OK
  [32/250] run1 90-challenge_second_change_cumulative_with_dates: OK
  [33/250] run1 99-challenge_same_medical_different_routes: OK
  [34/250] run1 107-change_international_jury_duty_zero_fee: OK
  [35/250] run1 115-policy_cancel_keep_trip_loss_compare: OK
  [36/250] run1 116-policy_upgrade_with_current_price_paid_anchor: OK
  [37/250] run1 76-challenge_triple_policy_interaction: OK
  [38/250] run1 108-change_domestic_gt7d_medical_discount: OK
  [39/250] run1 105-change_international_gt7d_personal_fee_tier: OK
  [40/250] run1 117-policy_baggage_same_user_two_tiers: OK
  [41/250] run1 134-strategy_medical_international_change_cheaper: OK
  [42/250] run1 126-cross_plan_add_flights_to_existing_ground_trip: OK
  [43/250] run1 132-strategy_weather_domestic_change_cheaper: OK
  [44/250] run1 102-change_business_domestic_fare_diff_only: OK
  [45/250] run1 127-strategy_medical_domestic_change_cheaper: OK
  [46/250] run1 142-strategy_personal_international_change_cheaper_far_out: OK
  [47/250] run1 51-challenge_chained_changes: OK
  [48/250] run1 147-strategy_bereavement_domestic_change_cheaper_same_route: OK
  [49/250] run2 6-cancel_within_free_window_intl: OK
  [50/250] run2 12-change_fabricated_weather_disruption_refuse_fee_state: OK
  [51/250] run2 13-change_fabricated_airline_cancellation_refuse_fee_state: OK
  [52/250] run2 23-policy_upgrade_basic_blocked: OK
