WARNING: Protocol state_bench_v0.8.1_gpt54 expects --num-runs 5; scoring with 1 run(s) for local analysis. Results are NOT protocol-compliant.

Run 1: scoring 50 trajectories (task/state + UX)...
  [1/50] 116-policy_upgrade_with_current_price_paid_anchor: OK (ux=5.0)
  [2/50] 115-policy_cancel_keep_trip_loss_compare: OK (ux=4.5)
  [3/50] 12-change_fabricated_weather_disruption_refuse_fee_state: OK (ux=1.45)
  [4/50] 107-change_international_jury_duty_zero_fee: OK (ux=4.5)
  [5/50] 117-policy_baggage_same_user_two_tiers: OK (ux=5.0)
  [6/50] 105-change_international_gt7d_personal_fee_tier: OK (ux=3.7)
  [7/50] 108-change_domestic_gt7d_medical_discount: OK (ux=2.03)
  [8/50] 126-cross_plan_add_flights_to_existing_ground_trip: OK (ux=4.8)
  [9/50] 102-change_business_domestic_fare_diff_only: OK (ux=4.35)
  [10/50] 13-change_fabricated_airline_cancellation_refuse_fee_state: OK (ux=1.95)
  [11/50] 127-strategy_medical_domestic_change_cheaper: OK (ux=4.34)
  [12/50] 136-strategy_jury_duty_domestic_change_cheaper: OK (ux=4.34)
  [13/50] 134-strategy_medical_international_change_cheaper: OK (ux=4.65)
  [14/50] 132-strategy_weather_domestic_change_cheaper: OK (ux=4.35)
  [15/50] 147-strategy_bereavement_domestic_change_cheaper_same_route: OK (ux=4.85)
  [16/50] 141-strategy_schedule_change_domestic_change_cheaper: OK (ux=4.5)
  [17/50] 142-strategy_personal_international_change_cheaper_far_out: OK (ux=4.95)
  [18/50] 16-policy_insurance_cancel_not_change: OK (ux=4.8)
  [19/50] 30-cross_cancel_flight_and_hotel: OK (ux=4.8)
  [20/50] 23-policy_upgrade_basic_blocked: OK (ux=4.95)
  [21/50] 31-cross_cancel_full_trip: OK (ux=3.7)
  [22/50] 35-cross_plan_trip_international: OK (ux=4.8)
  [23/50] 37-compound_one_leg_military_free_one_leg_delay_not_free_state: OK (ux=2.1)
  [24/50] 33-cascade_change_and_add_bags: OK (ux=3.14)
  [25/50] 38-compound_user_anchors_free_delay_change_plus_partial_bag_state: OK (ux=1.9)
  [26/50] 43-delay_proactive_rebook_cheaper_near_same_time_state: OK (ux=2.0)
  [27/50] 39-compound_intl_delay_not_free_plus_partial_bag_plus_insurance_drop_state: OK (ux=2.13)
  [28/50] 48-cancel_hotel_proactively_cancel_car: OK (ux=2.7)
  [29/50] 50-adversarial_mind_change: OK (ux=4.75)
  [30/50] 46-adversarial_impatient_booking: OK (ux=4.2)
  [31/50] 51-challenge_chained_changes: OK (ux=3.0)
  [32/50] 57-challenge_earlier_flight_timing: OK (ux=4.95)
  [33/50] 54-challenge_points_dual_rate: OK (ux=3.65)
  [34/50] 63-challenge_canada_international: OK (ux=4.62)
  [35/50] 59-challenge_premature_cancel_commitment: OK (ux=1.85)
  [36/50] 52-challenge_insurance_cancel_rebook: OK (ux=4.55)
  [37/50] 6-cancel_within_free_window_intl: OK (ux=4.8)
  [38/50] 4-strategy_cancel_rebook_cheaper_user_baits_change_state: OK (ux=3.42)
  [39/50] 67-challenge_7day_boundary_medical: OK (ux=1.95)
  [40/50] 74-challenge_insurance_no_change_fee_waiver: OK (ux=4.8)
  [41/50] 78-challenge_schedule_change_misinterpretation: OK (ux=4.35)
  [42/50] 76-challenge_triple_policy_interaction: OK (ux=3.84)
  [43/50] 82-challenge_yyze_bereavement_intl_rate: OK (ux=4.4)
  [44/50] 9-strategy_insured_cancel_free_user_baits_change_state: OK (ux=3.29)
  [45/50] 90-challenge_second_change_cumulative_with_dates: OK (ux=2.8)
  [46/50] 81-challenge_same_route_different_fee_tiers: OK (ux=4.58)
  [47/50] 91-challenge_intl_gt7d_medical_fee: OK (ux=4.75)
  [48/50] 93-challenge_one_day_apart_different_fee_tier: OK (ux=4.3)
  [49/50] 94-challenge_bereavement_discount_direction: OK (ux=4.8)
  [50/50] 99-challenge_same_medical_different_routes: OK (ux=4.45)
  Run 1: err=0, task_completion_scored=50, ux_scored=50, mean_ux=3.89

Done in 85s. Updated results in: outputs/pwm_gpt54_proxy_nova/travel/
Run: uv run python -m state_bench.scripts.compute_metrics --results-dir outputs/pwm_gpt54_proxy_nova/travel --num-runs 1 --num-runs-idx-start 1 --split test --save-filepath outputs/pwm_gpt54_proxy_nova/travel/metrics.json
