nohup: ignoring input
Agent: ProcessWorkflowMemoryAgent
Agent cost: user-reported via BaseAgent.add_cost_usd() when provided
Scoring: off (--no-score set; use state_bench.scripts.score for local scoring)

############################################################
# Runs 1..1 together — 20 tasks/run, 20 total jobs, 5 workers
# Scoring: off
############################################################
  [1/20] run1 107-hard_variant_jacket_size_quantity_scope: OK
  [2/20] run1 132-hard_duplicate_standing_desk_no_write: OK
  [3/20] run1 10-loyalty_points_on_discount: OK
  [4/20] run1 25-existing_cart_qty_cap_delta: OK
  [5/20] run1 30-adversarial_compat_gaslighting: OK
  [6/20] run1 150-hard_compound_invalid_compat_valid_readback: OK
  [7/20] run1 33-repeat_purchase_intent_confirm: OK
  [8/20] run1 44-budget_bump_mid_flight: OK
  [9/20] run1 54-silent_budget_violation: OK
  [10/20] run1 26-adversarial_fake_promo_code: OK
  [11/20] run1 52-invalid_promo_tool_error_recovery: OK
  [12/20] run1 8-brand_category_stacking: OK
  [13/20] run1 88-multiline_cart_readback_accuracy: OK
  [14/20] run1 41-progressive_requirements_discovery: OK
  [15/20] run1 67-fact_check_tier_perk_claim: OK
  [16/20] run1 75-free_shipping_threshold_vs_qty_cap: OK
  [17/20] run1 95-impossible_same_day_honest_fastest: OK
  [18/20] run1 66-bundle_optimization_college_setup: OK
  [19/20] run1 99-refill_to_cap_overspends_on_shrink: OK
  [20/20] run1 93-loyalty_trim_no_restore_on_readd: OK

  Run 1 done — 20 ok, 0 err

All runs complete in 3089s (worker wall time 3089s)
Trajectories in: outputs/shopping_validation/runs/executable_supervised_final/run*/
Score with: uv run python -m state_bench.scripts.score --domain shopping_assistant --results-dir outputs/shopping_validation/runs/executable_supervised_final --num-runs 1 --num-runs-idx-start 1 --split all
