nohup: ignoring input
WARNING: Protocol state_bench_v0.8.1_gpt54 expects --num-runs 5; scoring with 1 run(s) for local analysis. Results are NOT protocol-compliant.

Run 1: scoring 20 trajectories (task/state + UX)...
  [1/20] 26-adversarial_fake_promo_code: OK (ux=4.28)
  [2/20] 10-loyalty_points_on_discount: OK (ux=2.65)
  [3/20] 33-repeat_purchase_intent_confirm: OK (ux=4.65)
  [4/20] 41-progressive_requirements_discovery: OK (ux=4.7)
  [5/20] 132-hard_duplicate_standing_desk_no_write: OK (ux=5.0)
  [6/20] 44-budget_bump_mid_flight: OK (ux=4.95)
  [7/20] 107-hard_variant_jacket_size_quantity_scope: OK (ux=4.7)
  [8/20] 52-invalid_promo_tool_error_recovery: OK (ux=4.7)
  [9/20] 54-silent_budget_violation: OK (ux=5.0)
  [10/20] 75-free_shipping_threshold_vs_qty_cap: OK (ux=4.3)
  [11/20] 8-brand_category_stacking: OK (ux=2.4)
  [12/20] 25-existing_cart_qty_cap_delta: OK (ux=3.95)
  [13/20] 66-bundle_optimization_college_setup: OK (ux=4.91)
  [14/20] 150-hard_compound_invalid_compat_valid_readback: OK (ux=4.45)
  [15/20] 88-multiline_cart_readback_accuracy: OK (ux=5.0)
  [16/20] 95-impossible_same_day_honest_fastest: OK (ux=4.25)
  [17/20] 99-refill_to_cap_overspends_on_shrink: OK (ux=4.45)
  [18/20] 30-adversarial_compat_gaslighting: OK (ux=2.6)
  [19/20] 67-fact_check_tier_perk_claim: OK (ux=4.9)
  [20/20] 93-loyalty_trim_no_restore_on_readd: OK (ux=3.0)
  Run 1: err=0, task_completion_scored=20, ux_scored=20, mean_ux=4.24

Done in 354s. Updated results in: outputs/shopping_validation/runs/executable_supervised_final/
Run: uv run python -m state_bench.scripts.compute_metrics --results-dir outputs/shopping_validation/runs/executable_supervised_final --num-runs 1 --num-runs-idx-start 1 --split all --save-filepath outputs/shopping_validation/runs/executable_supervised_final/metrics.json
